Release 14.2 - xst P.28xd (lin64)
Copyright (c) 1995-2012 Xilinx, Inc.  All rights reserved.
--> 
Parameter TMPDIR set to xst/projnav.tmp


Total REAL time to Xst completion: 0.00 secs
Total CPU time to Xst completion: 0.14 secs
 
--> 
Parameter xsthdpdir set to xst


Total REAL time to Xst completion: 0.00 secs
Total CPU time to Xst completion: 0.14 secs
 
--> 
Reading design: top_level.prj

TABLE OF CONTENTS
  1) Synthesis Options Summary
  2) HDL Compilation
  3) Design Hierarchy Analysis
  4) HDL Analysis
  5) HDL Synthesis
     5.1) HDL Synthesis Report
  6) Advanced HDL Synthesis
     6.1) Advanced HDL Synthesis Report
  7) Low Level Synthesis
  8) Partition Report
  9) Final Report
	9.1) Device utilization summary
	9.2) Partition Resource Summary
	9.3) TIMING REPORT


=========================================================================
*                      Synthesis Options Summary                        *
=========================================================================
---- Source Parameters
Input File Name                    : "top_level.prj"
Input Format                       : mixed
Ignore Synthesis Constraint File   : NO

---- Target Parameters
Output File Name                   : "top_level"
Output Format                      : NGC
Target Device                      : xc3s500e-4-fg320

---- Source Options
Top Module Name                    : top_level
Automatic FSM Extraction           : YES
FSM Encoding Algorithm             : Auto
Safe Implementation                : No
FSM Style                          : LUT
RAM Extraction                     : Yes
RAM Style                          : Auto
ROM Extraction                     : Yes
Mux Style                          : Auto
Decoder Extraction                 : YES
Priority Encoder Extraction        : Yes
Shift Register Extraction          : YES
Logical Shifter Extraction         : YES
XOR Collapsing                     : YES
ROM Style                          : Auto
Mux Extraction                     : Yes
Resource Sharing                   : YES
Asynchronous To Synchronous        : NO
Multiplier Style                   : Auto
Automatic Register Balancing       : No

---- Target Options
Add IO Buffers                     : YES
Global Maximum Fanout              : 500
Add Generic Clock Buffer(BUFG)     : 24
Register Duplication               : YES
Slice Packing                      : YES
Optimize Instantiated Primitives   : NO
Use Clock Enable                   : Yes
Use Synchronous Set                : Yes
Use Synchronous Reset              : Yes
Pack IO Registers into IOBs        : Auto
Equivalent register Removal        : YES

---- General Options
Optimization Goal                  : Speed
Optimization Effort                : 1
Keep Hierarchy                     : No
Netlist Hierarchy                  : As_Optimized
RTL Output                         : Yes
Global Optimization                : AllClockNets
Read Cores                         : YES
Write Timing Constraints           : NO
Cross Clock Analysis               : NO
Hierarchy Separator                : /
Bus Delimiter                      : <>
Case Specifier                     : Maintain
Slice Utilization Ratio            : 100
BRAM Utilization Ratio             : 100
Verilog 2001                       : YES
Auto BRAM Packing                  : NO
Slice Utilization Ratio Delta      : 5

=========================================================================


=========================================================================
*                          HDL Compilation                              *
=========================================================================
Compiling vhdl file "/home/ksnieck/Dropbox/Projects/fpgasynth/nexys2/utils.vhd" in Library work.
Architecture utils of Entity utils is up to date.
Compiling vhdl file "/home/ksnieck/Dropbox/Projects/fpgasynth/nexys2/sync_fifo.vhd" in Library work.
Architecture rtl of Entity sync_fifo is up to date.
Compiling vhdl file "/home/ksnieck/Dropbox/Projects/fpgasynth/nexys2/uart.vhd" in Library work.
Architecture rtl of Entity uart is up to date.
Compiling vhdl file "/home/ksnieck/Dropbox/Projects/fpgasynth/nexys2/midi_decoder.vhd" in Library work.
Architecture rtl of Entity midi_decoder is up to date.
Compiling vhdl file "/home/ksnieck/Dropbox/Projects/fpgasynth/nexys2/test_osc.vhd" in Library work.
Architecture rtl of Entity test_osc is up to date.
Compiling vhdl file "/home/ksnieck/Dropbox/Projects/fpgasynth/nexys2/I2S_cntrl.vhd" in Library work.
Architecture rtl of Entity i2s_cntrl is up to date.
Compiling vhdl file "/home/ksnieck/Dropbox/Projects/fpgasynth/nexys2/top_level.vhd" in Library work.
Entity <top_level> compiled.
Entity <top_level> (Architecture <rtl>) compiled.

=========================================================================
*                     Design Hierarchy Analysis                         *
=========================================================================
Analyzing hierarchy for entity <top_level> in library <work> (architecture <rtl>).

Analyzing hierarchy for entity <uart> in library <work> (architecture <RTL>) with generics.
	rx_fifo_depth = 32
	tx_fifo_depth = 32

Analyzing hierarchy for entity <midi_decoder> in library <work> (architecture <RTL>).

Analyzing hierarchy for entity <test_osc> in library <work> (architecture <RTL>).

Analyzing hierarchy for entity <I2S_cntrl> in library <work> (architecture <RTL>) with generics.
	lrck_div = 256
	mclk_accum_inc = 16106
	samp_width = 16

Analyzing hierarchy for entity <sync_fifo> in library <work> (architecture <RTL>) with generics.
	data_depth = 32
	data_width = 8


=========================================================================
*                            HDL Analysis                               *
=========================================================================
Analyzing Entity <top_level> in library <work> (Architecture <rtl>).
Entity <top_level> analyzed. Unit <top_level> generated.

Analyzing generic Entity <uart> in library <work> (Architecture <RTL>).
	rx_fifo_depth = 32
	tx_fifo_depth = 32
Entity <uart> analyzed. Unit <uart> generated.

Analyzing generic Entity <sync_fifo> in library <work> (Architecture <RTL>).
	data_depth = 32
	data_width = 8
    Set property "ram_style = block" for signal <ram>.
Entity <sync_fifo> analyzed. Unit <sync_fifo> generated.

Analyzing Entity <midi_decoder> in library <work> (Architecture <RTL>).
INFO:Xst:2679 - Register <param_val_d<15>> in unit <midi_decoder> has a constant value of 0 during circuit operation. The register is replaced by logic.
INFO:Xst:2679 - Register <param_val_d<14>> in unit <midi_decoder> has a constant value of 0 during circuit operation. The register is replaced by logic.
Entity <midi_decoder> analyzed. Unit <midi_decoder> generated.

Analyzing Entity <test_osc> in library <work> (Architecture <RTL>).
ERROR:Xst:769 - "/home/ksnieck/Dropbox/Projects/fpgasynth/nexys2/test_osc.vhd" line 71: Operator <INVALID OPERATOR> must have constant operands or first operand must be power of 2
--> 


Total memory usage is 505348 kilobytes

Number of errors   :    1 (   0 filtered)
Number of warnings :    0 (   0 filtered)
Number of infos    :    2 (   0 filtered)

