V3 36
FL /home/ksnieck/Dropbox/Projects/fpgasynth/nexys2/I2S_cntrl.vhd 2012/08/15.21:33:49 P.28xd
EN work/I2S_cntrl 1345842323 \
      FL /home/ksnieck/Dropbox/Projects/fpgasynth/nexys2/I2S_cntrl.vhd \
      PB ieee/std_logic_1164 1341906176 PB ieee/NUMERIC_STD 1341906182
AR work/I2S_cntrl/RTL 1345842324 \
      FL /home/ksnieck/Dropbox/Projects/fpgasynth/nexys2/I2S_cntrl.vhd \
      EN work/I2S_cntrl 1345842323
FL /home/ksnieck/Dropbox/Projects/fpgasynth/nexys2/midi_decoder.vhd 2012/08/24.16:37:32 P.28xd
EN work/midi_decoder 1345842319 \
      FL /home/ksnieck/Dropbox/Projects/fpgasynth/nexys2/midi_decoder.vhd \
      PB ieee/std_logic_1164 1341906176 PB ieee/NUMERIC_STD 1341906182
AR work/midi_decoder/RTL 1345842320 \
      FL /home/ksnieck/Dropbox/Projects/fpgasynth/nexys2/midi_decoder.vhd \
      EN work/midi_decoder 1345842319
FL /home/ksnieck/Dropbox/Projects/fpgasynth/nexys2/polyphony_cntrl.vhd 2012/08/22.08:55:33 P.28xd
EN work/polyphony_cntrl 0 \
      FL /home/ksnieck/Dropbox/Projects/fpgasynth/nexys2/polyphony_cntrl.vhd \
      PB ieee/std_logic_1164 1341906176 PB ieee/NUMERIC_STD 1341906182
AR work/polyphony_cntrl/RTL 0 \
      FL /home/ksnieck/Dropbox/Projects/fpgasynth/nexys2/polyphony_cntrl.vhd \
      EN work/polyphony_cntrl 0
FL /home/ksnieck/Dropbox/Projects/fpgasynth/nexys2/sync_fifo.vhd 2012/08/07.17:53:46 P.28xd
EN work/sync_fifo 1345842315 \
      FL /home/ksnieck/Dropbox/Projects/fpgasynth/nexys2/sync_fifo.vhd \
      PB ieee/std_logic_1164 1341906176 PB ieee/NUMERIC_STD 1341906182 \
      PB work/utils 1345842314
AR work/sync_fifo/RTL 1345842316 \
      FL /home/ksnieck/Dropbox/Projects/fpgasynth/nexys2/sync_fifo.vhd \
      EN work/sync_fifo 1345842315
FL /home/ksnieck/Dropbox/Projects/fpgasynth/nexys2/test_osc.vhd 2012/08/24.17:04:39 P.28xd
EN work/test_osc 1345842321 \
      FL /home/ksnieck/Dropbox/Projects/fpgasynth/nexys2/test_osc.vhd \
      PB ieee/std_logic_1164 1341906176 PB ieee/NUMERIC_STD 1341906182
AR work/test_osc/RTL 1345842322 \
      FL /home/ksnieck/Dropbox/Projects/fpgasynth/nexys2/test_osc.vhd \
      EN work/test_osc 1345842321
FL /home/ksnieck/Dropbox/Projects/fpgasynth/nexys2/top_level.vhd 2012/08/24.17:05:01 P.28xd
EN work/top_level 1345842325 \
      FL /home/ksnieck/Dropbox/Projects/fpgasynth/nexys2/top_level.vhd \
      PB ieee/std_logic_1164 1341906176 PB ieee/NUMERIC_STD 1341906182
AR work/top_level/RTL 1345842326 \
      FL /home/ksnieck/Dropbox/Projects/fpgasynth/nexys2/top_level.vhd \
      EN work/top_level 1345842325 CP work/uart CP work/midi_decoder \
      CP work/test_osc CP work/I2S_cntrl
FL /home/ksnieck/Dropbox/Projects/fpgasynth/nexys2/top_level_test_osc.vhd 2012/08/15.22:15:51 P.28xd
EN work/top_level_test_osc 1345153226 \
      FL /home/ksnieck/Dropbox/Projects/fpgasynth/nexys2/top_level_test_osc.vhd \
      PB ieee/std_logic_1164 1341906176 PB ieee/NUMERIC_STD 1341906182
AR work/top_level_test_osc/RTL 1345153227 \
      FL /home/ksnieck/Dropbox/Projects/fpgasynth/nexys2/top_level_test_osc.vhd \
      EN work/top_level_test_osc 1345153226 CP work/I2S_cntrl CP work/test_osc
FL /home/ksnieck/Dropbox/Projects/fpgasynth/nexys2/uart.vhd 2012/08/07.17:53:48 P.28xd
EN work/uart 1345842317 \
      FL /home/ksnieck/Dropbox/Projects/fpgasynth/nexys2/uart.vhd \
      PB ieee/std_logic_1164 1341906176 PB ieee/NUMERIC_STD 1341906182
AR work/uart/RTL 1345842318 \
      FL /home/ksnieck/Dropbox/Projects/fpgasynth/nexys2/uart.vhd EN work/uart 1345842317 \
      CP work/sync_fifo
FL /home/ksnieck/Dropbox/Projects/fpgasynth/nexys2/utils.vhd 2012/08/07.17:53:47 P.28xd
PH work/utils 1345842313 \
      FL /home/ksnieck/Dropbox/Projects/fpgasynth/nexys2/utils.vhd \
      PB ieee/std_logic_1164 1341906176 PB ieee/NUMERIC_STD 1341906182
PB work/utils 1345842314 \
      FL /home/ksnieck/Dropbox/Projects/fpgasynth/nexys2/utils.vhd PH work/utils 1345842313
FL /home/ksnieck/Projects/fpgasynth/nexys2/sync_fifo.vhd 2012/08/05.03:32:33 P.28xd
FL /home/ksnieck/Projects/fpgasynth/nexys2/top_level.vhd 2012/08/04.22:18:02 P.28xd
FL /home/ksnieck/Projects/fpgasynth/nexys2/uart.vhd 2012/08/05.04:44:51 P.28xd
FL /home/ksnieck/Projects/fpgasynth/nexys2/utils.vhd 2012/08/03.18:22:52 P.28xd
